$ (cd gacrux && python pairingchecker.py -i case4b-forfeit-pab.trf -p -n 2 -dT)
3
3 1
5 4
2 0

$ GACRUX=<clone> python probe.py case4b-forfeit-pab.trf 2
== Round 2 (Gacrux pairingchecker ver. 1.10.62)
 TPN  score  num  CD  csq       cop  flt  history
   1  2.0      1   1  w         nc   -    2w
   2  0.0      1  -1  b         nc   -    1b
   3  2.0      0   0            nc   -    +
   4  0.0      0   0            nc   -    -
   5  1.0      0   0            nc   -    pab

-- bracket scorelevel 3: bsn order [1, 3], upfloaters []
   quality {'QC4': 0, 'QC5': [0, 0, 0], 'QC6': 0, 'QC7': 0, 'QC8': 0, 'QC9': 0, 'QC10': 0, 'IW': None}
     3 -   1   (colour rule 4.3.5)
-- bracket scorelevel 2: bsn order [5, 4], upfloaters [4]
   quality {'QC4': 1, 'QC5': [0, 1], 'QC6': 0, 'QC7': 0, 'QC8': 0, 'QC9': 0, 'QC10': 0, 'IW': None}
     5 -   4   (colour rule 4.3.1)
-- bracket scorelevel 1 (PAB): bsn order [2], upfloaters []
   quality {'QC4': 0, 'QC5': [0], 'QC6': 0, 'QC7': 0, 'QC8': 0, 'QC9': 0, 'QC10': 0, 'IW': None}
     2 -   0   (colour rule pab)

Pairing (board order, white - black): 3-1, 5-4, 2-0
